Microchip MPLAB XC8 Compiler V2.32

Linker command line:

-W-3 --edf=/opt/microchip/xc8/v2.32/pic/dat/en_msgs.txt -cn \
  -h+dist/default/production/lab_psu.X.production.sym \
  --cmf=dist/default/production/lab_psu.X.production.cmf -z -Q16F18855 \
  -o/tmp/xcXPkjOhm --defsym=__MPLAB_BUILD=1 \
  -Mdist/default/production/lab_psu.X.production.map -E1 -ver=XC8 Compiler \
  --acfsm=1493 -ASTACK=02133h-023EFh -pstack=STACK -ACODE=00h-07FFhx4 \
  -ASTRCODE=00h-01FFFh -ASTRING=00h-0FFhx32 -ACONST=00h-0FFhx32 \
  -AENTRY=00h-0FFhx32 -ACOMMON=070h-07Fh -ABANK0=020h-06Fh \
  -ABANK1=0A0h-0EFh -ABANK2=0120h-016Fh -ABANK3=01A0h-01EFh \
  -ABANK4=0220h-026Fh -ABANK5=02A0h-02EFh -ABANK6=0320h-036Fh \
  -ABANK7=03A0h-03EFh -ABANK8=0420h-046Fh -ABANK9=04A0h-04EFh \
  -ABANK10=0520h-056Fh -ABANK11=05A0h-05EFh -ABANK12=0620h-064Fh \
  -ABIGRAM=02000h-023EFh \
  -ARAM=020h-06Fh,0A0h-0EFh,0120h-016Fh,01A0h-01EFh,0220h-026Fh,02A0h-02EFh,0320h-036Fh,03A0h-03EFh,0420h-046Fh,04A0h-04EFh,0520h-056Fh,05A0h-05EFh,0620h-064Fh \
  -AABS1=020h-07Fh,0A0h-0EFh,0120h-016Fh,01A0h-01EFh,0220h-026Fh,02A0h-02EFh,0320h-036Fh,03A0h-03EFh,0420h-046Fh,04A0h-04EFh,0520h-056Fh,05A0h-05EFh,0620h-064Fh \
  -ASFR0=00h-01Fh -ASFR1=080h-09Fh -ASFR2=0100h-011Fh -ASFR3=0180h-019Fh \
  -ASFR4=0200h-021Fh -ASFR5=0280h-029Fh -ASFR6=0300h-031Fh \
  -ASFR7=0380h-039Fh -ASFR8=0400h-041Fh -ASFR9=0480h-049Fh \
  -ASFR10=0500h-051Fh -ASFR11=0580h-059Fh -ASFR12=0600h-061Fh \
  -ASFR13=0680h-06EFh -ASFR14=0700h-076Fh -ASFR15=0780h-07EFh \
  -ASFR16=0800h-086Fh -ASFR17=0880h-08EFh -ASFR18=0900h-096Fh \
  -ASFR19=0980h-09EFh -ASFR20=0A00h-0A6Fh -ASFR21=0A80h-0AEFh \
  -ASFR22=0B00h-0B6Fh -ASFR23=0B80h-0BEFh -ASFR24=0C00h-0C6Fh \
  -ASFR25=0C80h-0CEFh -ASFR26=0D00h-0D6Fh -ASFR27=0D80h-0DEFh \
  -ASFR28=0E00h-0E6Fh -ASFR29=0E80h-0EEFh -ASFR30=0F00h-0F6Fh \
  -ASFR31=0F80h-0FEFh -ACONFIG=08007h-0800Bh -DCONFIG=2 \
  -AIDLOC=08000h-08003h -DIDLOC=2 -AEEDATA=00h-0FFh/0F000h \
  -peeprom_data=EEDATA -DEEDATA=2 -DCODE=2 -DSTRCODE=2 -DSTRING=2 -DCONST=2 \
  -DENTRY=2 -preset_vec=00h,intentry=04h,init,end_init -ppowerup=CODE \
  -pcinit=CODE -pfunctab=ENTRY -k /tmp/xcXDNhFac.o \
  dist/default/production/lab_psu.X.production.o 

Object code version is 3.11

Machine type is 16F18855



                Name                               Link     Load   Length Selector   Space Scale
/tmp/xcXDNhFac.o
                end_init                             10       10        2        8       0
                reset_vec                             0        0        2        0       0
                config                             8007     8007        5        0       4
dist/default/production/lab_psu.X.production.o
                cinit                                12       12       2B        8       0
                intentry                              4        4        C        8       0
                config                             8007     8007        5        0       4
                text105                            12C7     12C7        F     258E       0
                text104                            1691     1691       30     2D22       0
                text103                            137E     137E       18     26FC       0
                text102                            11C0     11C0        1     2380       0
                text101                            132E     132E       14     265C       0
                text99                             11C8     11C8        3     2390       0
                text98                             11CB     11CB        3     2396       0
                text97                             11C2     11C2        2     2384       0
                text96                             13FB     13FB       1D     27F6       0
                text95                             11CE     11CE        3     239C       0
                text94                             11D1     11D1        3     23A2       0
                text93                             11D4     11D4        3     23A8       0
                text92                             1342     1342       14     2684       0
                text91                             155B     155B       28     2AB6       0
                text90                             1294     1294        C     2528       0
                text89                             12E6     12E6       12     25CC       0
                text88                             12F8     12F8       12     25F0       0
                text87                             130A     130A       12     2614       0
                text86                             131C     131C       12     2638       0
                text85                             13AE     13AE       19     275C       0
                text84                             11C4     11C4        2     2388       0
                text83                             11C6     11C6        2     238C       0
                text82                             11D7     11D7        3     23AE       0
                text81                             11E0     11E0        4     23C0       0
                text80                             11DA     11DA        3     23B4       0
                text79                             11E4     11E4        4     23C8       0
                text78                             121A     121A        6     2434       0
                text77                             1220     1220        6     2440       0
                text76                             11DD     11DD        3     23BA       0
                text75                             1604     1604       2F     2C08       0
                text74                             1210     1210        5     2420       0
                text73                             123F     123F        8     247E       0
                text72                             1238     1238        7     2470       0
                text71                              9F8      9F8       52     13F0       0
                text70                              8D6      8D6       47     11AC       0
                text69                             1226     1226        6     244C       0
                text68                             11E8     11E8        4     23D0       0
                text67                             11EC     11EC        4     23D8       0
                text66                             11F0     11F0        4     23E0       0
                text65                             11F4     11F4        4     23E8       0
                text64                             11F8     11F8        4     23F0       0
                text63                             11FC     11FC        4     23F8       0
                text62                             1200     1200        4     2400       0
                text61                             1215     1215        5     242A       0
                text60                             1633     1633       2F     2C66       0
                text59                             1583     1583       2A     2B06       0
                text58                             1204     1204        4     2408       0
                text57                             1260     1260        A     24C0       0
                text56                             1452     1452       1E     28A4       0
                text55                             1208     1208        4     2410       0
                text54                             12A0     12A0        C     2540       0
                text53                              818      818       3D     1030       0
                text52                             1534     1534       27     2A68       0
                text51                              964      964       4A     12C8       0
                text50                             14AC     14AC       20     2958       0
                text49                             17C8     17C8       38     2F90       0
                text48                              CCA      CCA       C5     1994       0
                text47                             1356     1356       14     26AC       0
                text46                             1418     1418       1D     2830       0
                text45                              895      895       41     112A       0
                text44                              AEE      AEE       5A     15DC       0
                text43                             14EC     14EC       23     29D8       0
                text42                              7A2      7A2       5A        8       0
                text41                             16F4     16F4       34     2DE8       0
                text40                             13E0     13E0       1B     27C0       0
                text39                             1396     1396       18     272C       0
                text38                             1435     1435       1D     286A       0
                text37                              C2B      C2B       9F     1856       0
                text36                              A4A      A4A       52     1494       0
                text35                              BB0      BB0       7B     1760       0
                text34                              B48      B48       68     1690       0
                text33                             11C1     11C1        1     2382       0
                text32                              91D      91D       47     123A       0
                text31                             150F     150F       25     2A1E       0
                text30                              800      800       18     1000       0
                text29                              9AE      9AE       4A     135C       0
                text28                              D8F      D8F       DA     1B1E       0
                text27                              5EB      5EB      1B7        8       0
                text26                             15D7     15D7       2D     2BAE       0
                text25                             15AD     15AD       2A     2B5A       0
                jmp_tab__LCD_printChar             1022     1022        8     2000       0
                jmp_tab__LCD_printCustomChar       1014     1014        E     2000       0
                jmp_tab__LCD_setCursor             1000     1000       14     2000       0
                jmp_tab__LCD_print                 102A     102A        4     2000       0
                text24                               3D       3D      310        8       0
                text23                              E69      E69      197     1CD2       0
                text22                             120C     120C        4     2418       0
                text21                             136A     136A       14     26D4       0
                text20                             1662     1662       2F     2CC4       0
                text19                             175C     175C       35     2EB8       0
                text18                             1728     1728       34     2E50       0
                text17                             126A     126A        A     24D4       0
                text16                             1470     1470       1E     28E0       0
                text15                              A9C      A9C       52     1538       0
                jmp_tab__PSU_updateLCD              7FC      7FC        4      FF8       0
                text14                              34D      34D      29E        8       0
                text13                              855      855       40     10AA       0
                text12                             13C7     13C7       19     278E       0
                text11                             1274     1274        A     24E8       0
                text10                             1257     1257        9     24AE       0
                text9                              1791     1791       37     2F22       0
                text8                              1247     1247        8     248E       0
                text7                              127E     127E        B     24FC       0
                text6                              1289     1289        B     2512       0
                text5                              124F     124F        8     249E       0
                text4                              14CC     14CC       20     2998       0
                text3                              12AC     12AC        D     2558       0
                text2                              12B9     12B9        E     2572       0
                text1                              148E     148E       1E     291C       0
                jmp_tab__PSU_update                102E     102E        2     2000       0
                jmp_tab__PSU_init                     2        2        2        4       0
                maintext                           16C1     16C1       33     2D82       0
                cstackBANK0                          20       20       50       20       1
                cstackCOMMON                         70       70        9       70       1
                cstackBANK1                          A0       A0       28       A0       1
                clrtext                            122C     122C        6     2458       0
                inittext                           1232     1232        6     2464       0
                bssBANK3                            1A0      1A0       43      1A0       1
                dataBANK2                           14D      14D       10      120       1
                bssBANK2                            120      120       2D      120       1
                bssBANK1                             C8       C8       20       A0       1
                bssCOMMON                            79       79        4       70       1
                stringtext4                        183C     183C        3     3000       0
                stringtext3                        182E     182E        E     3000       0
                stringtext2                        1820     1820        E     3000       0
                nvBANK1                              E8       E8        4       A0       1
                stringtext1                        1800     1800       20     3000       0
                idataBANK2                         12D6     12D6       10     25AC       0

TOTAL           Name                               Link     Load   Length     Space
        CLASS   STACK          

        CLASS   CODE           
                end_init                             10       10        2         0
                cinit                                12       12       2B         0
                intentry                              4        4        C         0
                reset_vec                             0        0        2         0
                text105                            12C7     12C7        F         0
                text104                            1691     1691       30         0
                text103                            137E     137E       18         0
                text102                            11C0     11C0        1         0
                text101                            132E     132E       14         0
                text99                             11C8     11C8        3         0
                text98                             11CB     11CB        3         0
                text97                             11C2     11C2        2         0
                text96                             13FB     13FB       1D         0
                text95                             11CE     11CE        3         0
                text94                             11D1     11D1        3         0
                text93                             11D4     11D4        3         0
                text92                             1342     1342       14         0
                text91                             155B     155B       28         0
                text90                             1294     1294        C         0
                text89                             12E6     12E6       12         0
                text88                             12F8     12F8       12         0
                text87                             130A     130A       12         0
                text86                             131C     131C       12         0
                text85                             13AE     13AE       19         0
                text84                             11C4     11C4        2         0
                text83                             11C6     11C6        2         0
                text82                             11D7     11D7        3         0
                text81                             11E0     11E0        4         0
                text80                             11DA     11DA        3         0
                text79                             11E4     11E4        4         0
                text78                             121A     121A        6         0
                text77                             1220     1220        6         0
                text76                             11DD     11DD        3         0
                text75                             1604     1604       2F         0
                text74                             1210     1210        5         0
                text73                             123F     123F        8         0
                text72                             1238     1238        7         0
                text71                              9F8      9F8       52         0
                text70                              8D6      8D6       47         0
                text69                             1226     1226        6         0
                text68                             11E8     11E8        4         0
                text67                             11EC     11EC        4         0
                text66                             11F0     11F0        4         0
                text65                             11F4     11F4        4         0
                text64                             11F8     11F8        4         0
                text63                             11FC     11FC        4         0
                text62                             1200     1200        4         0
                text61                             1215     1215        5         0
                text60                             1633     1633       2F         0
                text59                             1583     1583       2A         0
                text58                             1204     1204        4         0
                text57                             1260     1260        A         0
                text56                             1452     1452       1E         0
                text55                             1208     1208        4         0
                text54                             12A0     12A0        C         0
                text53                              818      818       3D         0
                text52                             1534     1534       27         0
                text51                              964      964       4A         0
                text50                             14AC     14AC       20         0
                text49                             17C8     17C8       38         0
                text48                              CCA      CCA       C5         0
                text47                             1356     1356       14         0
                text46                             1418     1418       1D         0
                text45                              895      895       41         0
                text44                              AEE      AEE       5A         0
                text43                             14EC     14EC       23         0
                text42                              7A2      7A2       5A         0
                text41                             16F4     16F4       34         0
                text40                             13E0     13E0       1B         0
                text39                             1396     1396       18         0
                text38                             1435     1435       1D         0
                text37                              C2B      C2B       9F         0
                text36                              A4A      A4A       52         0
                text35                              BB0      BB0       7B         0
                text34                              B48      B48       68         0
                text33                             11C1     11C1        1         0
                text32                              91D      91D       47         0
                text31                             150F     150F       25         0
                text30                              800      800       18         0
                text29                              9AE      9AE       4A         0
                text28                              D8F      D8F       DA         0
                text27                              5EB      5EB      1B7         0
                text26                             15D7     15D7       2D         0
                text25                             15AD     15AD       2A         0
                text24                               3D       3D      310         0
                text23                              E69      E69      197         0
                text22                             120C     120C        4         0
                text21                             136A     136A       14         0
                text20                             1662     1662       2F         0
                text19                             175C     175C       35         0
                text18                             1728     1728       34         0
                text17                             126A     126A        A         0
                text16                             1470     1470       1E         0
                text15                              A9C      A9C       52         0
                text14                              34D      34D      29E         0
                text13                              855      855       40         0
                text12                             13C7     13C7       19         0
                text11                             1274     1274        A         0
                text10                             1257     1257        9         0
                text9                              1791     1791       37         0
                text8                              1247     1247        8         0
                text7                              127E     127E        B         0
                text6                              1289     1289        B         0
                text5                              124F     124F        8         0
                text4                              14CC     14CC       20         0
                text3                              12AC     12AC        D         0
                text2                              12B9     12B9        E         0
                text1                              148E     148E       1E         0
                maintext                           16C1     16C1       33         0
                clrtext                            122C     122C        6         0
                inittext                           1232     1232        6         0
                idataBANK2                         12D6     12D6       10         0

        CLASS   STRCODE        
                stringtext4                        183C     183C        3         0
                stringtext3                        182E     182E        E         0
                stringtext2                        1820     1820        E         0
                stringtext1                        1800     1800       20         0

        CLASS   STRING         

        CLASS   CONST          

        CLASS   ENTRY          
                jmp_tab__LCD_printChar             1022     1022        8         0
                jmp_tab__LCD_printCustomChar       1014     1014        E         0
                jmp_tab__LCD_setCursor             1000     1000       14         0
                jmp_tab__LCD_print                 102A     102A        4         0
                jmp_tab__PSU_updateLCD              7FC      7FC        4         0
                jmp_tab__PSU_update                102E     102E        2         0
                jmp_tab__PSU_init                     2        2        2         0

        CLASS   COMMON         
                cstackCOMMON                         70       70        9         1
                bssCOMMON                            79       79        4         1

        CLASS   BANK0          
                cstackBANK0                          20       20       50         1

        CLASS   BANK1          
                cstackBANK1                          A0       A0       28         1
                bssBANK1                             C8       C8       20         1
                nvBANK1                              E8       E8        4         1

        CLASS   BANK2          
                dataBANK2                           14D      14D       10         1
                bssBANK2                            120      120       2D         1

        CLASS   BANK3          
                bssBANK3                            1A0      1A0       43         1

        CLASS   BANK4          

        CLASS   BANK5          

        CLASS   BANK6          

        CLASS   BANK7          

        CLASS   BANK8          

        CLASS   BANK9          

        CLASS   BANK10         

        CLASS   BANK11         

        CLASS   BANK12         

        CLASS   BIGRAM         

        CLASS   RAM            

        CLASS   ABS1           
                abs_s1                               7E       7E        2         1

        CLASS   SFR0           

        CLASS   SFR1           

        CLASS   SFR2           

        CLASS   SFR3           

        CLASS   SFR4           

        CLASS   SFR5           

        CLASS   SFR6           

        CLASS   SFR7           

        CLASS   SFR8           

        CLASS   SFR9           

        CLASS   SFR10          

        CLASS   SFR11          

        CLASS   SFR12          

        CLASS   SFR13          

        CLASS   SFR14          

        CLASS   SFR15          

        CLASS   SFR16          

        CLASS   SFR17          

        CLASS   SFR18          

        CLASS   SFR19          

        CLASS   SFR20          

        CLASS   SFR21          

        CLASS   SFR22          

        CLASS   SFR23          

        CLASS   SFR24          

        CLASS   SFR25          

        CLASS   SFR26          

        CLASS   SFR27          

        CLASS   SFR28          

        CLASS   SFR29          

        CLASS   SFR30          

        CLASS   SFR31          

        CLASS   CONFIG         
                config                             8007     8007        5         4

        CLASS   IDLOC          

        CLASS   EEDATA         

        CLASS   BANK31         

        CLASS   BANK30         

        CLASS   BANK29         

        CLASS   BANK28         

        CLASS   BANK27         

        CLASS   BANK26         

        CLASS   BANK25         

        CLASS   BANK24         

        CLASS   BANK23         

        CLASS   BANK22         

        CLASS   BANK21         

        CLASS   BANK20         

        CLASS   BANK19         

        CLASS   BANK18         

        CLASS   BANK17         

        CLASS   BANK16         

        CLASS   BANK15         

        CLASS   BANK14         

        CLASS   BANK13         



SEGMENTS        Name                           Load    Length   Top    Selector   Space  Class     Delta

                text92                         001342  000014  001356      2684       0  CODE        2
                text47                         001356  000014  00136A      26AC       0  CODE        2
                text101                        00132E  000014  001342      265C       0  CODE        2
                text87                         00130A  000012  00131C      2614       0  CODE        2
                text86                         00131C  000012  00132E      2638       0  CODE        2
                text39                         001396  000018  0013AE      272C       0  CODE        2
                text30                         000800  000018  000818      1000       0  CODE        2
                text103                        00137E  000018  001396      26FC       0  CODE        2
                jmp_tab__LCD_setCursor         001000  000030  001030      2000       0  ENTRY       2
                text21                         00136A  000014  00137E      26D4       0  CODE        2
                text88                         0012F8  000012  00130A      25F0       0  CODE        2
                text90                         001294  00000C  0012A0      2528       0  CODE        2
                text54                         0012A0  00000C  0012AC      2540       0  CODE        2
                text6                          001289  00000B  001294      2512       0  CODE        2
                text11                         001274  00000A  00127E      24E8       0  CODE        2
                text7                          00127E  00000B  001289      24FC       0  CODE        2
                idataBANK2                     0012D6  000010  0012E6      25AC       0  CODE        2
                text89                         0012E6  000012  0012F8      25CC       0  CODE        2
                text105                        0012C7  00000F  0012D6      258E       0  CODE        2
                text3                          0012AC  00000D  0012B9      2558       0  CODE        2
                text2                          0012B9  00000E  0012C7      2572       0  CODE        2
                text52                         001534  000027  00155B      2A68       0  CODE        2
                text91                         00155B  000028  001583      2AB6       0  CODE        2
                text31                         00150F  000025  001534      2A1E       0  CODE        2
                stringtext1                    001800  00003F  00183F      3000       0  STRCODE     2
                text43                         0014EC  000023  00150F      29D8       0  CODE        2
                text75                         001604  00002F  001633      2C08       0  CODE        2
                text60                         001633  00002F  001662      2C66       0  CODE        2
                text26                         0015D7  00002D  001604      2BAE       0  CODE        2
                text59                         001583  00002A  0015AD      2B06       0  CODE        2
                text25                         0015AD  00002A  0015D7      2B5A       0  CODE        2
                text4                          0014CC  000020  0014EC      2998       0  CODE        2
                text96                         0013FB  00001D  001418      27F6       0  CODE        2
                text46                         001418  00001D  001435      2830       0  CODE        2
                text40                         0013E0  00001B  0013FB      27C0       0  CODE        2
                text85                         0013AE  000019  0013C7      275C       0  CODE        2
                text12                         0013C7  000019  0013E0      278E       0  CODE        2
                text1                          00148E  00001E  0014AC      291C       0  CODE        2
                text50                         0014AC  000020  0014CC      2958       0  CODE        2
                text16                         001470  00001E  00148E      28E0       0  CODE        2
                text38                         001435  00001D  001452      286A       0  CODE        2
                text56                         001452  00001E  001470      28A4       0  CODE        2
                text76                         0011DD  000003  0011E0      23BA       0  CODE        2
                text81                         0011E0  000004  0011E4      23C0       0  CODE        2
                text80                         0011DA  000003  0011DD      23B4       0  CODE        2
                text93                         0011D4  000003  0011D7      23A8       0  CODE        2
                text82                         0011D7  000003  0011DA      23AE       0  CODE        2
                text66                         0011F0  000004  0011F4      23E0       0  CODE        2
                text65                         0011F4  000004  0011F8      23E8       0  CODE        2
                text67                         0011EC  000004  0011F0      23D8       0  CODE        2
                text79                         0011E4  000004  0011E8      23C8       0  CODE        2
                text68                         0011E8  000004  0011EC      23D0       0  CODE        2
                text94                         0011D1  000003  0011D4      23A2       0  CODE        2
                text97                         0011C2  000002  0011C4      2384       0  CODE        2
                text84                         0011C4  000002  0011C6      2388       0  CODE        2
                text33                         0011C1  000001  0011C2      2382       0  CODE        2
                text102                        0011C0  000001  0011C1      2380       0  CODE        2
                text98                         0011CB  000003  0011CE      2396       0  CODE        2
                text95                         0011CE  000003  0011D1      239C       0  CODE        2
                text99                         0011C8  000003  0011CB      2390       0  CODE        2
                text83                         0011C6  000002  0011C8      238C       0  CODE        2
                jmp_tab__PSU_init              000002  000002  000004         4       0  ENTRY       2
                text72                         001238  000007  00123F      2470       0  CODE        2
                text73                         00123F  000008  001247      247E       0  CODE        2
                inittext                       001232  000006  001238      2464       0  CODE        2
                text69                         001226  000006  00122C      244C       0  CODE        2
                clrtext                        00122C  000006  001232      2458       0  CODE        2
                text57                         001260  00000A  00126A      24C0       0  CODE        2
                text17                         00126A  00000A  001274      24D4       0  CODE        2
                text10                         001257  000009  001260      24AE       0  CODE        2
                text8                          001247  000008  00124F      248E       0  CODE        2
                text5                          00124F  000008  001257      249E       0  CODE        2
                text77                         001220  000006  001226      2440       0  CODE        2
                text58                         001204  000004  001208      2408       0  CODE        2
                text55                         001208  000004  00120C      2410       0  CODE        2
                text62                         001200  000004  001204      2400       0  CODE        2
                text64                         0011F8  000004  0011FC      23F0       0  CODE        2
                text63                         0011FC  000004  001200      23F8       0  CODE        2
                text61                         001215  000005  00121A      242A       0  CODE        2
                text78                         00121A  000006  001220      2434       0  CODE        2
                text74                         001210  000005  001215      2420       0  CODE        2
                text22                         00120C  000004  001210      2418       0  CODE        2
                jmp_tab__PSU_updateLCD         0007FC  000004  000800       FF8       0  ENTRY       2
                text20                         001662  00002F  001691      2CC4       0  CODE        2
                bssBANK3                       0001A0  000043  0001E3       1A0       1  BANK3       1
                reset_vec                      000000  000002  000002         0       0  CODE        2
                cstackBANK0                    000020  000050  000070        20       1  BANK0       1
                cstackBANK1                    0000A0  00004C  0000EC        A0       1  BANK1       1
                bssBANK2                       000120  00003D  00015D       120       1  BANK2       1
                cstackCOMMON                   000070  00000D  00007D        70       1  COMMON      1
                intentry                       000004  0007F8  0007FC         8       0  CODE        2
                text71                         0009F8  000052  000A4A      13F0       0  CODE        2
                text36                         000A4A  000052  000A9C      1494       0  CODE        2
                text29                         0009AE  00004A  0009F8      135C       0  CODE        2
                text32                         00091D  000047  000964      123A       0  CODE        2
                text51                         000964  00004A  0009AE      12C8       0  CODE        2
                text35                         000BB0  00007B  000C2B      1760       0  CODE        2
                text37                         000C2B  00009F  000CCA      1856       0  CODE        2
                text34                         000B48  000068  000BB0      1690       0  CODE        2
                text15                         000A9C  000052  000AEE      1538       0  CODE        2
                text44                         000AEE  00005A  000B48      15DC       0  CODE        2
                text70                         0008D6  000047  00091D      11AC       0  CODE        2
                text18                         001728  000034  00175C      2E50       0  CODE        2
                text19                         00175C  000035  001791      2EB8       0  CODE        2
                text41                         0016F4  000034  001728      2DE8       0  CODE        2
                text104                        001691  000030  0016C1      2D22       0  CODE        2
                maintext                       0016C1  000033  0016F4      2D82       0  CODE        2
                text13                         000855  000040  000895      10AA       0  CODE        2
                text45                         000895  000041  0008D6      112A       0  CODE        2
                text53                         000818  00003D  000855      1030       0  CODE        2
                text9                          001791  000037  0017C8      2F22       0  CODE        2
                text49                         0017C8  000038  001800      2F90       0  CODE        2
                text28                         000D8F  0000DA  000E69      1B1E       0  CODE        2
                text23                         000E69  000197  001000      1CD2       0  CODE        2
                text48                         000CCA  0000C5  000D8F      1994       0  CODE        2


UNUSED ADDRESS RANGES

        Name                Unused          Largest block    Delta
        BANK1            000EC-000EF               4           1
        BANK10           00520-0056F              50           1
        BANK11           005A0-005EF              50           1
        BANK12           00620-0064F              30           1
        BANK2            0015D-0016F              13           1
        BANK3            001E3-001EF               D           1
        BANK4            00220-0026F              50           1
        BANK5            002A0-002EF              50           1
        BANK6            00320-0036F              50           1
        BANK7            003A0-003EF              50           1
        BANK8            00420-0046F              50           1
        BANK9            004A0-004EF              50           1
        BIGRAM           02000-023EF             3F0           1
        CODE             01030-011BF             190           2
                         0183F-01FFF             7C1
        COMMON           0007D-0007D               1           1
        CONST            01030-011BF              D0           2
                         0183F-01FFF             100
        EEDATA           0F000-0F0FF             100           2
        ENTRY            01030-011BF              D0           2
                         0183F-01FFF             100
        IDLOC            08000-08003               4           2
        RAM              000EC-000EF               4           1
                         0015D-0016F              13
                         001E3-001EF               D
                         00220-0026F              50
                         002A0-002EF              50
                         00320-0036F              50
                         003A0-003EF              50
                         00420-0046F              50
                         004A0-004EF              50
                         00520-0056F              50
                         005A0-005EF              50
                         00620-0064F              30
        SFR0             00000-0001F              20           1
        SFR1             00080-0009F              20           1
        SFR10            00500-0051F              20           1
        SFR11            00580-0059F              20           1
        SFR12            00600-0061F              20           1
        SFR13            00680-006EF              70           1
        SFR14            00700-0076F              70           1
        SFR15            00780-007EF              70           1
        SFR16            00800-0086F              70           1
        SFR17            00880-008EF              70           1
        SFR18            00900-0096F              70           1
        SFR19            00980-009EF              70           1
        SFR2             00100-0011F              20           1
        SFR20            00A00-00A6F              70           1
        SFR21            00A80-00AEF              70           1
        SFR22            00B00-00B6F              70           1
        SFR23            00B80-00BEF              70           1
        SFR24            00C00-00C6F              70           1
        SFR25            00C80-00CEF              70           1
        SFR26            00D00-00D6F              70           1
        SFR27            00D80-00DEF              70           1
        SFR28            00E00-00E6F              70           1
        SFR29            00E80-00EEF              70           1
        SFR3             00180-0019F              20           1
        SFR30            00F00-00F6F              70           1
        SFR31            00F80-00FEF              70           1
        SFR4             00200-0021F              20           1
        SFR5             00280-0029F              20           1
        SFR6             00300-0031F              20           1
        SFR7             00380-0039F              20           1
        SFR8             00400-0041F              20           1
        SFR9             00480-0049F              20           1
        STACK            02133-023EF             2BD           1
        STRCODE          01030-011BF             190           2
                         0183F-01FFF             7C1
        STRING           01030-011BF              D0           2
                         0183F-01FFF             100

                                  Symbol Table

?_ADCC_GetSingleConversion                cstackBANK0                  00020
?___lldiv                                 cstackBANK0                  0002C
?___lmul                                  cstackBANK0                  00020
?___lodiv                                 cstackBANK0                  00020
?___lomod                                 cstackBANK0                  00020
?___lwdiv                                 cstackBANK0                  00020
?___wmul                                  cstackBANK0                  00028
?_atoi                                    cstackBANK0                  0002E
?_isdigit                                 cstackBANK0                  00020
?_isspace                                 cstackBANK0                  00020
?_pad                                     cstackBANK0                  00030
?_sprintf                                 cstackBANK1                  000A0
?_strlen                                  cstackBANK0                  00020
?_strncmp                                 cstackBANK0                  00020
?_utoa                                    cstackBANK0                  0003A
?_vfpfcnvrt                               cstackBANK0                  00052
?_vfprintf                                cstackBANK0                  00067
ADCC_GetSingleConversion@channel          cstackBANK0                  00022
I2C1_CallbackReturnReset@funPtr           cstackBANK0                  00029
I2C1_Close@returnValue                    cstackBANK0                  00021
I2C1_MasterOperation@read                 cstackBANK0                  00031
I2C1_MasterOperation@returnValue          cstackBANK0                  00032
I2C1_MasterSendTxData@data                cstackBANK0                  00020
I2C1_Open@address                         cstackBANK0                  00021
I2C1_Open@returnValue                     cstackBANK0                  00022
I2C1_SetBuffer@buffer                     cstackBANK0                  00023
I2C1_SetBuffer@bufferSize                 cstackBANK0                  00020
I2C1_SetCallback@cb                       cstackBANK0                  00020
I2C1_SetCallback@idx                      cstackBANK0                  00024
I2C1_SetCallback@ptr                      cstackBANK0                  00022
I2C1_SetDataCompleteCallback@cb           cstackBANK0                  00025
I2C1_SetDataCompleteCallback@ptr          cstackBANK0                  00027
IO_Expander_write@data                    cstackBANK0                  00033
IO_Expander_write@lcd                     cstackBANK0                  00035
LCD_clear@lcd                             cstackBANK0                  00042
LCD_createCustomChar@c                    cstackBANK0                  00042
LCD_createCustomChar@i                    cstackBANK0                  00045
LCD_createCustomChar@lcd                  cstackBANK0                  00046
LCD_createCustomChar@n                    cstackBANK0                  00041
LCD_home@lcd                              cstackBANK0                  00042
LCD_init@address                          cstackBANK0                  00041
LCD_init@lcd                              cstackBANK0                  00043
LCD_print@cPtr                            cstackBANK0                  00055
LCD_print@lcd                             cstackBANK0                  00050
LCD_print@str                             cstackBANK0                  00051
LCD_printChar@c                           cstackBANK0                  0004C
LCD_printChar@lcd                         cstackBANK0                  0004B
LCD_printCustomChar@lcd                   cstackBANK0                  0004B
LCD_printCustomChar@n                     cstackBANK0                  0004C
LCD_setCursor@col                         cstackBANK0                  00045
LCD_setCursor@lcd                         cstackBANK0                  00043
LCD_setCursor@row                         cstackBANK0                  00044
LCD_write@data                            cstackBANK0                  0003B
LCD_write@isCommand                       cstackBANK0                  0003C
LCD_write@lcd                             cstackBANK0                  00040
LCD_writeNibble@isCommand                 cstackBANK0                  00037
LCD_writeNibble@lcd                       cstackBANK0                  0003A
LCD_writeNibble@nibble                    cstackBANK0                  00036
PSU_init@customChar                       cstackBANK1                  000BD
PSU_init@lcd                              cstackBANK1                  000B4
PSU_init@lcdAddress                       cstackBANK1                  000B5
PSU_init@maxCurrent                       cstackBANK1                  000B8
PSU_init@maxVoltage                       cstackBANK1                  000B6
PSU_init@psu                              cstackBANK1                  000B3
PSU_measureCurrent@psu                    cstackBANK0                  00032
PSU_measureCurrent@val                    cstackBANK0                  00030
PSU_measureVoltage@psu                    cstackBANK0                  00032
PSU_measureVoltage@val                    cstackBANK0                  00030
PSU_update@psu                            cstackBANK1                  000B3
PSU_update@rotEncVal                      cstackBANK1                  000B4
PSU_updateLCD@buffer                      bssBANK2                     0013D
PSU_updateLCD@psu                         cstackBANK1                  000AD
PSU_updateMeasurements@psu                cstackBANK0                  00033
PWM1_LoadDutyValue@dutyValue              cstackBANK0                  0003A
RotaryEncoder_button@pressed              bssCOMMON                    0007B
RotaryEncoder_button@state                bssBANK1                     000CE
RotaryEncoder_read@prevNextCode           bssCOMMON                    0007C
RotaryEncoder_read@rotaryEncoderTable     dataBANK2                    0014D
RotaryEncoder_read@store                  bssBANK1                     000D0
TMR1_SetInterruptHandler@InterruptHandler cstackBANK0                  00020
TMR1_WriteTimer@timerVal                  cstackCOMMON                 00070
_ADACQ                                    (abs)                        0009D
_ADACT                                    (abs)                        00099
_ADCAP                                    (abs)                        0009B
_ADCC_DischargeSampleCapacitor            text22                       0120C
_ADCC_GetSingleConversion                 text21                       0136A
_ADCC_Initialize                          text12                       013C7
_ADCLK                                    (abs)                        00098
_ADCON0                                   (abs)                        00093
_ADCON0bits                               (abs)                        00093
_ADCON1                                   (abs)                        00094
_ADCON2                                   (abs)                        00095
_ADCON3                                   (abs)                        00096
_ADLTHH                                   (abs)                        0010F
_ADLTHL                                   (abs)                        0010E
_ADPCH                                    (abs)                        0009E
_ADPRE                                    (abs)                        0009C
_ADREF                                    (abs)                        0009A
_ADRESH                                   (abs)                        0008D
_ADRESL                                   (abs)                        0008C
_ADRPT                                    (abs)                        0010D
_ADSTAT                                   (abs)                        00097
_ADSTPTH                                  (abs)                        00113
_ADSTPTL                                  (abs)                        00112
_ADUTHH                                   (abs)                        00111
_ADUTHL                                   (abs)                        00110
_ANSELA                                   (abs)                        00F38
_ANSELB                                   (abs)                        00F43
_ANSELC                                   (abs)                        00F4E
_CCP1CON                                  (abs)                        0030E
_CCP1CONbits                              (abs)                        0030E
_CCP2CON                                  (abs)                        00312
_CCPR1H                                   (abs)                        0030D
_CCPR1L                                   (abs)                        0030C
_CCPR2H                                   (abs)                        00311
_CCPR2L                                   (abs)                        00310
_CCPTMRS0bits                             (abs)                        0021E
_I2C1_CallbackReturnReset                 text83                       011C6
_I2C1_CallbackReturnStop                  text84                       011C4
_I2C1_Close                               text96                       013FB
_I2C1_DO_ADDRESS_NACK                     text60                       01633
_I2C1_DO_IDLE                             text74                       01210
_I2C1_DO_RCEN                             text69                       01226
_I2C1_DO_RESET                            text61                       01215
_I2C1_DO_RX                               text70                       008D6
_I2C1_DO_RX_ACK                           text64                       011F8
_I2C1_DO_RX_NACK_RESTART                  text62                       01200
_I2C1_DO_RX_NACK_STOP                     text63                       011FC
_I2C1_DO_SEND_ADR_READ                    text73                       0123F
_I2C1_DO_SEND_ADR_WRITE                   text72                       01238
_I2C1_DO_SEND_RESTART                     text66                       011F0
_I2C1_DO_SEND_RESTART_READ                text68                       011E8
_I2C1_DO_SEND_RESTART_WRITE               text67                       011EC
_I2C1_DO_SEND_STOP                        text65                       011F4
_I2C1_DO_TX                               text71                       009F8
_I2C1_DO_TX_EMPTY                         text75                       01604
_I2C1_Initialize                          text11                       01274
_I2C1_MasterClearIrq                      text99                       011C8
_I2C1_MasterClose                         text98                       011CB
_I2C1_MasterDisableIrq                    text97                       011C2
_I2C1_MasterEnableRestart                 text94                       011D1
_I2C1_MasterFsm                           text59                       01583
_I2C1_MasterGetRxData                     text80                       011DA
_I2C1_MasterIsNack                        text77                       01220
_I2C1_MasterOpen                          text54                       012A0
_I2C1_MasterOperation                     text56                       01452
_I2C1_MasterSendAck                       text79                       011E4
_I2C1_MasterSendNack                      text81                       011E0
_I2C1_MasterSendTxData                    text78                       0121A
_I2C1_MasterSetIrq                        text76                       011DD
_I2C1_MasterStart                         text95                       011CE
_I2C1_MasterStartRx                       text82                       011D7
_I2C1_MasterStop                          text93                       011D4
_I2C1_MasterWaitForEvent                  text58                       01204
_I2C1_MasterWrite                         text55                       01208
_I2C1_Open                                text53                       00818
_I2C1_Poller                              text57                       01260
_I2C1_SetBuffer                           text92                       01342
_I2C1_SetCallback                         text91                       0155B
_I2C1_SetDataCompleteCallback             text90                       01294
_I2C1_Status                              bssBANK2                     00120
_INLVLA                                   (abs)                        00F3C
_INLVLB                                   (abs)                        00F47
_INLVLC                                   (abs)                        00F52
_INLVLE                                   (abs)                        00F68
_INTCONbits                               (abs)                        0000B
_INTERRUPT_InterruptManager               intentry                     00004
_IO_Expander_write                        text52                       01534
_LATA                                     (abs)                        00016
_LATB                                     (abs)                        00017
_LATC                                     (abs)                        00018
_LCD_clear                                text47                       01356
_LCD_createCustomChar                     text49                       017C8
_LCD_home                                 text46                       01418
_LCD_init                                 text48                       00CCA
_LCD_print                                text43                       014EC
_LCD_printChar                            text44                       00AEE
_LCD_printCustomChar                      text42                       007A2
_LCD_setCursor                            text45                       00895
_LCD_setCursor$2358                       cstackBANK0                  00049
_LCD_write                                text50                       014AC
_LCD_writeNibble                          text51                       00964
_ODCONA                                   (abs)                        00F3A
_ODCONB                                   (abs)                        00F45
_ODCONC                                   (abs)                        00F50
_OSCCON1                                  (abs)                        0088D
_OSCCON3                                  (abs)                        0088F
_OSCEN                                    (abs)                        00891
_OSCFRQ                                   (abs)                        00893
_OSCILLATOR_Initialize                    text10                       01257
_OSCTUNE                                  (abs)                        00892
_PIE3bits                                 (abs)                        00719
_PIE4bits                                 (abs)                        0071A
_PIN_MANAGER_Initialize                   text9                        01791
_PIR3bits                                 (abs)                        0070F
_PIR4bits                                 (abs)                        00710
_PMD0                                     (abs)                        00796
_PMD1                                     (abs)                        00797
_PMD2                                     (abs)                        00798
_PMD3                                     (abs)                        00799
_PMD4                                     (abs)                        0079A
_PMD5                                     (abs)                        0079B
_PMD_Initialize                           text8                        01247
_PORTCbits                                (abs)                        0000E
_PSU_init                                 text23                       00E69
_PSU_measureCurrent                       text19                       0175C
_PSU_measureVoltage                       text18                       01728
_PSU_update                               text14                       0034D
_PSU_updateLCD                            text24                       0003D
_PSU_updateLCD$3643                       cstackBANK1                  000B1
_PSU_updateMeasurements                   text17                       0126A
_PWM1_Initialize                          text7                        0127E
_PWM1_LoadDutyValue                       text16                       01470
_PWM2_Initialize                          text6                        01289
_RB0PPS                                   (abs)                        00F18
_RB5PPS                                   (abs)                        00F1D
_RC3PPS                                   (abs)                        00F23
_RC4PPS                                   (abs)                        00F24
_RotaryEncoder_button                     text104                      01691
_RotaryEncoder_read                       text13                       00855
_SLRCONA                                  (abs)                        00F3B
_SLRCONB                                  (abs)                        00F46
_SLRCONC                                  (abs)                        00F51
_SSP1ADD                                  (abs)                        0018D
_SSP1BUF                                  (abs)                        0018C
_SSP1CLKPPS                               (abs)                        00EC5
_SSP1CON1                                 (abs)                        00190
_SSP1CON1bits                             (abs)                        00190
_SSP1CON2                                 (abs)                        00191
_SSP1CON2bits                             (abs)                        00191
_SSP1DATPPS                               (abs)                        00EC6
_SSP1STAT                                 (abs)                        0018F
_SYSTEM_Initialize                        text1                        0148E
_T1CLK                                    (abs)                        00211
_T1CON                                    (abs)                        0020E
_T1CONbits                                (abs)                        0020E
_T1GATE                                   (abs)                        00210
_T1GCON                                   (abs)                        0020F
_T2CLKCON                                 (abs)                        00290
_T2CON                                    (abs)                        0028E
_T2HLT                                    (abs)                        0028F
_T2PR                                     (abs)                        0028D
_T2RST                                    (abs)                        00291
_T2TMR                                    (abs)                        0028C
_T4CLKCON                                 (abs)                        00296
_T4CON                                    (abs)                        00294
_T4HLT                                    (abs)                        00295
_T4PR                                     (abs)                        00293
_T4RST                                    (abs)                        00297
_T4TMR                                    (abs)                        00292
_TMR1H                                    (abs)                        0020D
_TMR1L                                    (abs)                        0020C
_TMR1_DefaultInterruptHandler             text102                      011C0
_TMR1_ISR                                 text101                      0132E
_TMR1_Initialize                          text4                        014CC
_TMR1_InterruptHandler                    nvBANK1                      000E8
_TMR1_SetInterruptHandler                 text5                        0124F
_TMR1_WriteTimer                          text105                      012C7
_TMR2_Initialize                          text3                        012AC
_TMR4_Initialize                          text2                        012B9
_TRISA                                    (abs)                        00011
_TRISB                                    (abs)                        00012
_TRISC                                    (abs)                        00013
_WPUA                                     (abs)                        00F39
_WPUB                                     (abs)                        00F44
_WPUC                                     (abs)                        00F4F
_WPUE                                     (abs)                        00F65
__Habs1                                   abs1                         00000
__Hbank0                                  bank0                        00000
__Hbank1                                  bank1                        00000
__Hbank10                                 bank10                       00000
__Hbank11                                 bank11                       00000
__Hbank12                                 bank12                       00000
__Hbank13                                 bank13                       00000
__Hbank14                                 bank14                       00000
__Hbank15                                 bank15                       00000
__Hbank16                                 bank16                       00000
__Hbank17                                 bank17                       00000
__Hbank18                                 bank18                       00000
__Hbank19                                 bank19                       00000
__Hbank2                                  bank2                        00000
__Hbank20                                 bank20                       00000
__Hbank21                                 bank21                       00000
__Hbank22                                 bank22                       00000
__Hbank23                                 bank23                       00000
__Hbank24                                 bank24                       00000
__Hbank25                                 bank25                       00000
__Hbank26                                 bank26                       00000
__Hbank27                                 bank27                       00000
__Hbank28                                 bank28                       00000
__Hbank29                                 bank29                       00000
__Hbank3                                  bank3                        00000
__Hbank30                                 bank30                       00000
__Hbank31                                 bank31                       00000
__Hbank4                                  bank4                        00000
__Hbank5                                  bank5                        00000
__Hbank6                                  bank6                        00000
__Hbank7                                  bank7                        00000
__Hbank8                                  bank8                        00000
__Hbank9                                  bank9                        00000
__Hbigram                                 bigram                       00000
__HbssBANK1                               bssBANK1                     00000
__HbssBANK2                               bssBANK2                     00000
__HbssBANK3                               bssBANK3                     00000
__HbssCOMMON                              bssCOMMON                    00000
__Hcinit                                  cinit                        0003D
__Hclrtext                                clrtext                      00000
__Hcode                                   code                         00000
__Hcommon                                 common                       00000
__Hconfig                                 config                       0800C
__HcstackBANK0                            cstackBANK0                  00000
__HcstackBANK1                            cstackBANK1                  00000
__HcstackCOMMON                           cstackCOMMON                 00000
__HdataBANK2                              dataBANK2                    00000
__Heeprom_data                            eeprom_data                  00000
__Hend_init                               end_init                     00012
__Hfunctab                                functab                      00000
__HidataBANK2                             idataBANK2                   00000
__Hinit                                   init                         00010
__Hinittext                               inittext                     00000
__Hintentry                               intentry                     00010
__Hjmp_tab__LCD_print                     jmp_tab__LCD_print           00000
__Hjmp_tab__LCD_printChar                 jmp_tab__LCD_printChar       00000
__Hjmp_tab__LCD_printCustomChar           jmp_tab__LCD_printCustomChar 00000
__Hjmp_tab__LCD_setCursor                 jmp_tab__LCD_setCursor       00000
__Hjmp_tab__PSU_init                      jmp_tab__PSU_init            00000
__Hjmp_tab__PSU_update                    jmp_tab__PSU_update          00000
__Hjmp_tab__PSU_updateLCD                 jmp_tab__PSU_updateLCD       00000
__Hmaintext                               maintext                     00000
__HnvBANK1                                nvBANK1                      00000
__Hpowerup                                powerup                      00000
__Hram                                    ram                          00000
__Hreset_vec                              reset_vec                    00002
__Hsfr0                                   sfr0                         00000
__Hsfr1                                   sfr1                         00000
__Hsfr10                                  sfr10                        00000
__Hsfr11                                  sfr11                        00000
__Hsfr12                                  sfr12                        00000
__Hsfr13                                  sfr13                        00000
__Hsfr14                                  sfr14                        00000
__Hsfr15                                  sfr15                        00000
__Hsfr16                                  sfr16                        00000
__Hsfr17                                  sfr17                        00000
__Hsfr18                                  sfr18                        00000
__Hsfr19                                  sfr19                        00000
__Hsfr2                                   sfr2                         00000
__Hsfr20                                  sfr20                        00000
__Hsfr21                                  sfr21                        00000
__Hsfr22                                  sfr22                        00000
__Hsfr23                                  sfr23                        00000
__Hsfr24                                  sfr24                        00000
__Hsfr25                                  sfr25                        00000
__Hsfr26                                  sfr26                        00000
__Hsfr27                                  sfr27                        00000
__Hsfr28                                  sfr28                        00000
__Hsfr29                                  sfr29                        00000
__Hsfr3                                   sfr3                         00000
__Hsfr30                                  sfr30                        00000
__Hsfr31                                  sfr31                        00000
__Hsfr4                                   sfr4                         00000
__Hsfr5                                   sfr5                         00000
__Hsfr6                                   sfr6                         00000
__Hsfr7                                   sfr7                         00000
__Hsfr8                                   sfr8                         00000
__Hsfr9                                   sfr9                         00000
__Hspace_0                                (abs)                        0183F
__Hspace_1                                (abs)                        001E3
__Hspace_2                                (abs)                        00000
__Hspace_3                                (abs)                        00000
__Hspace_4                                (abs)                        10013
__Hstack                                  stack                        00000
__Hstrings                                strings                      00000
__Hstringtext1                            stringtext1                  00000
__Hstringtext2                            stringtext2                  00000
__Hstringtext3                            stringtext3                  00000
__Hstringtext4                            stringtext4                  00000
__Hstringtext5                            stringtext5                  00000
__Htext                                   text                         00000
__Labs1                                   abs1                         00000
__Lbank0                                  bank0                        00000
__Lbank1                                  bank1                        00000
__Lbank10                                 bank10                       00000
__Lbank11                                 bank11                       00000
__Lbank12                                 bank12                       00000
__Lbank13                                 bank13                       00000
__Lbank14                                 bank14                       00000
__Lbank15                                 bank15                       00000
__Lbank16                                 bank16                       00000
__Lbank17                                 bank17                       00000
__Lbank18                                 bank18                       00000
__Lbank19                                 bank19                       00000
__Lbank2                                  bank2                        00000
__Lbank20                                 bank20                       00000
__Lbank21                                 bank21                       00000
__Lbank22                                 bank22                       00000
__Lbank23                                 bank23                       00000
__Lbank24                                 bank24                       00000
__Lbank25                                 bank25                       00000
__Lbank26                                 bank26                       00000
__Lbank27                                 bank27                       00000
__Lbank28                                 bank28                       00000
__Lbank29                                 bank29                       00000
__Lbank3                                  bank3                        00000
__Lbank30                                 bank30                       00000
__Lbank31                                 bank31                       00000
__Lbank4                                  bank4                        00000
__Lbank5                                  bank5                        00000
__Lbank6                                  bank6                        00000
__Lbank7                                  bank7                        00000
__Lbank8                                  bank8                        00000
__Lbank9                                  bank9                        00000
__Lbigram                                 bigram                       00000
__LbssBANK1                               bssBANK1                     00000
__LbssBANK2                               bssBANK2                     00000
__LbssBANK3                               bssBANK3                     00000
__LbssCOMMON                              bssCOMMON                    00000
__Lcinit                                  cinit                        00012
__Lclrtext                                clrtext                      00000
__Lcode                                   code                         00000
__Lcommon                                 common                       00000
__Lconfig                                 config                       00000
__LcstackBANK0                            cstackBANK0                  00000
__LcstackBANK1                            cstackBANK1                  00000
__LcstackCOMMON                           cstackCOMMON                 00000
__LdataBANK2                              dataBANK2                    00000
__Leeprom_data                            eeprom_data                  00000
__Lend_init                               end_init                     00010
__Lfunctab                                functab                      00000
__LidataBANK2                             idataBANK2                   00000
__Linit                                   init                         00010
__Linittext                               inittext                     00000
__Lintentry                               intentry                     00004
__Ljmp_tab__LCD_print                     jmp_tab__LCD_print           00000
__Ljmp_tab__LCD_printChar                 jmp_tab__LCD_printChar       00000
__Ljmp_tab__LCD_printCustomChar           jmp_tab__LCD_printCustomChar 00000
__Ljmp_tab__LCD_setCursor                 jmp_tab__LCD_setCursor       00000
__Ljmp_tab__PSU_init                      jmp_tab__PSU_init            00000
__Ljmp_tab__PSU_update                    jmp_tab__PSU_update          00000
__Ljmp_tab__PSU_updateLCD                 jmp_tab__PSU_updateLCD       00000
__Lmaintext                               maintext                     00000
__LnvBANK1                                nvBANK1                      00000
__Lpowerup                                powerup                      00000
__Lram                                    ram                          00000
__Lreset_vec                              reset_vec                    00000
__Lsfr0                                   sfr0                         00000
__Lsfr1                                   sfr1                         00000
__Lsfr10                                  sfr10                        00000
__Lsfr11                                  sfr11                        00000
__Lsfr12                                  sfr12                        00000
__Lsfr13                                  sfr13                        00000
__Lsfr14                                  sfr14                        00000
__Lsfr15                                  sfr15                        00000
__Lsfr16                                  sfr16                        00000
__Lsfr17                                  sfr17                        00000
[...]
__size_of_fputc                           (abs)                        00000
__size_of_fputs                           (abs)                        00000
__size_of_isdigit                         (abs)                        00000
__size_of_isspace                         (abs)                        00000
__size_of_main                            (abs)                        00000
__size_of_pad                             (abs)                        00000
__size_of_putch                           (abs)                        00000
__size_of_rd1RegCompleteHandler           (abs)                        00000
__size_of_rd2RegCompleteHandler           (abs)                        00000
__size_of_rdBlkRegCompleteHandler         (abs)                        00000
__size_of_regularUpdate                   (abs)                        00000
__size_of_sprintf                         (abs)                        00000
__size_of_strlen                          (abs)                        00000
__size_of_strncmp                         (abs)                        00000
__size_of_utoa                            (abs)                        00000
__size_of_vfpfcnvrt                       (abs)                        00000
__size_of_vfprintf                        (abs)                        00000
__size_of_wr1RegCompleteHandler           (abs)                        00000
__size_of_wr2RegCompleteHandler           (abs)                        00000
_atoi                                     text37                       00C2B
_atoi$3135                                cstackBANK0                  00036
_atoi$3136                                cstackBANK0                  0003A
_atoi$3137                                cstackBANK0                  00038
_change                                   bssBANK1                     000D4
_dbuf                                     bssBANK3                     001C3
_flags                                    bssCOMMON                    00079
_fputc                                    text32                       0091D
_fputs                                    text31                       0150F
_i2c1_fsmStateTable                       stringtext1                  01800
_isdigit                                  text39                       01396
_isspace                                  text38                       01435
_isspace$3153                             cstackBANK0                  00024
_lcd                                      bssBANK3                     001A0
_main                                     maintext                     016C1
_nout                                     bssBANK1                     000C8
_pad                                      text29                       009AE
_prec                                     bssBANK1                     000CC
_psu                                      bssBANK1                     000D5
_putch                                    text33                       011C1
_rd1RegCompleteHandler                    text88                       012F8
_rd2RegCompleteHandler                    text87                       0130A
_rdBlkRegCompleteHandler                  text85                       013AE
_regularUpdate                            text103                      0137E
_sprintf                                  text25                       015AD
_strlen                                   text30                       00800
_strncmp                                  text36                       00A4A
_timer1ReloadVal                          nvBANK1                      000EA
_utoa                                     text28                       00D8F
_vfpfcnvrt                                text27                       005EB
_vfpfcnvrt$3112                           cstackBANK0                  0005C
_vfprintf                                 text26                       015D7
_width                                    bssBANK1                     000CA
_wr1RegCompleteHandler                    text86                       0131C
_wr2RegCompleteHandler                    text89                       012E6
atoi@n                                    cstackBANK0                  0003B
atoi@neg                                  cstackBANK0                  00034
atoi@s                                    cstackBANK0                  0002E
btemp                                     (abs)                        0007E
clear_ram0                                clrtext                      0122C
end_of_initialization                     cinit                        00039
fputc@c                                   cstackBANK0                  00020
fputc@fp                                  cstackBANK0                  00022
fputs@c                                   cstackBANK0                  0002C
fputs@fp                                  cstackBANK0                  00028
fputs@i                                   cstackBANK0                  0002D
fputs@s                                   cstackBANK0                  0002F
init_ram                                  inittext                     01232
int$flags                                 (abs)                        0007E
intlevel0                                 functab                      00000
intlevel1                                 functab                      00000
intlevel2                                 functab                      00000
intlevel3                                 functab                      00000
intlevel4                                 functab                      00000
intlevel5                                 functab                      00000
isdigit@c                                 cstackBANK0                  00020
isspace@c                                 cstackBANK0                  00020
pad@buf                                   cstackBANK0                  00030
pad@fp                                    cstackBANK0                  00038
pad@i                                     cstackBANK0                  00034
pad@p                                     cstackBANK0                  00031
pad@w                                     cstackBANK0                  00036
rd1RegCompleteHandler@ptr                 cstackBANK0                  00029
rd2RegCompleteHandler@ptr                 cstackBANK0                  00029
rdBlkRegCompleteHandler@ptr               cstackBANK0                  00029
regularUpdate@count                       bssBANK1                     000D2
reset_vec                                 reset_vec                    00000
sprintf@ap                                cstackBANK1                  000A6
sprintf@f                                 cstackBANK1                  000A8
sprintf@fmt                               cstackBANK1                  000A0
sprintf@s                                 cstackBANK1                  000A7
start                                     init                         00010
start_initialization                      cinit                        00012
strlen@a                                  cstackBANK0                  00023
strlen@s                                  cstackBANK0                  00024
strncmp@_l                                cstackBANK0                  00020
strncmp@_r                                cstackBANK0                  00022
strncmp@l                                 cstackBANK0                  00027
strncmp@n                                 cstackBANK0                  00024
strncmp@r                                 cstackBANK0                  00029
u2797jf                                   text44                       00AF8
u2817jf                                   text44                       00B45
u2907jf                                   text42                       007AC
u2927jf                                   text42                       007F9
u2937jf                                   text43                       01507
u3147jf                                   text24                       00109
u3157jf                                   text24                       0011B
u3197jf                                   text24                       001D8
u3207jf                                   text24                       001EA
u3227jf                                   text24                       00217
u3247jf                                   text24                       00217
u3257jf                                   text24                       00217
u3267jf                                   text24                       0022D
u3297jf                                   text24                       0026F
u3307jf                                   text24                       0026F
u3327jf                                   text24                       0026F
u3337jf                                   text24                       0026F
u3387jf                                   text24                       002B6
u3397jf                                   text24                       002C6
u3447jf                                   text24                       002F7
u3457jf                                   text24                       00307
u3507jf                                   text24                       00339
u3517jf                                   text24                       00349
u3607jf                                   text23                       00FFD
u3777jf                                   text14                       005E7
u3817jf                                   maintext                     016DC
u3827jf                                   maintext                     016F3
utoa@d                                    cstackBANK0                  0003A
utoa@fp                                   cstackBANK0                  00045
utoa@i                                    cstackBANK0                  00050
utoa@n                                    cstackBANK0                  00048
utoa@p                                    cstackBANK0                  00043
utoa@w                                    cstackBANK0                  00046
vfpfcnvrt@ap                              cstackBANK0                  00053
vfpfcnvrt@done                            cstackBANK0                  0005A
vfpfcnvrt@fmt                             cstackBANK0                  00052
vfpfcnvrt@fp                              cstackBANK0                  00066
vfpfcnvrt@llu                             cstackBANK0                  0005E
vfprintf@ap                               cstackBANK0                  00069
vfprintf@cfmt                             cstackBANK0                  0006D
vfprintf@fmt                              cstackBANK0                  00067
vfprintf@fp                               cstackBANK0                  0006C
wr1RegCompleteHandler@ptr                 cstackBANK0                  00029
wr2RegCompleteHandler@ptr                 cstackBANK0                  00029
wtemp0                                    (abs)                        0007E


MODULE INFORMATION

Module		Function		Class		Link	Load	Size
/opt/microchip/xc8/v2.32/pic/sources/c99/common/Umul16.c
		___wmul        		CODE           	13E0	0000	27

/opt/microchip/xc8/v2.32/pic/sources/c99/common/Umul16.c estimated size: 27

/opt/microchip/xc8/v2.32/pic/sources/c99/common/nf_fputs.c
		_fputs         		CODE           	150F	0000	37

/opt/microchip/xc8/v2.32/pic/sources/c99/common/nf_fputs.c estimated size: 37

mcc_generated_files/examples/i2c1_master_example.c
		_wr1RegCompleteHandler		CODE           	131C	0000	18
		_wr2RegCompleteHandler		CODE           	12E6	0000	18
		_rdBlkRegCompleteHandler		CODE           	13AE	0000	25
		_rd1RegCompleteHandler		CODE           	12F8	0000	18
		_rd2RegCompleteHandler		CODE           	130A	0000	18

mcc_generated_files/examples/i2c1_master_example.c estimated size: 97

/opt/microchip/xc8/v2.32/pic/sources/c99/common/isdigit.c
		_isdigit       		CODE           	1396	0000	24

/opt/microchip/xc8/v2.32/pic/sources/c99/common/isdigit.c estimated size: 24

mcc_generated_files/tmr4.c
		_TMR4_Initialize		CODE           	12B9	0000	14

mcc_generated_files/tmr4.c estimated size: 14

mcc_generated_files/i2c1_master.c
		_I2C1_DO_SEND_RESTART		CODE           	11F0	0000	4
		_I2C1_DO_TX_EMPTY		CODE           	1604	0000	47
		_I2C1_DO_SEND_RESTART_READ		CODE           	11E8	0000	4
		_I2C1_CallbackReturnStop		CODE           	11C4	0000	2
		_I2C1_DO_RX    		CODE           	08D6	0000	71
		_I2C1_DO_TX    		CODE           	09F8	0000	82
		_I2C1_DO_IDLE  		CODE           	1210	0000	5
		_I2C1_MasterOpen		CODE           	12A0	0000	12
		_I2C1_DO_RCEN  		CODE           	1226	0000	6
		_I2C1_MasterSendTxData		CODE           	121A	0000	6
		_I2C1_MasterStop		CODE           	11D4	0000	3
		_I2C1_CallbackReturnReset		CODE           	11C6	0000	2
		_I2C1_DO_RESET 		CODE           	1215	0000	5
		_I2C1_MasterStartRx		CODE           	11D7	0000	3
		_I2C1_Poller   		CODE           	1260	0000	10
		_I2C1_DO_RX_ACK		CODE           	11F8	0000	4
		_I2C1_MasterWaitForEvent		CODE           	1204	0000	4
		_I2C1_MasterSendNack		CODE           	11E0	0000	4
		_I2C1_DO_RX_NACK_RESTART		CODE           	1200	0000	4
		_I2C1_MasterDisableIrq		CODE           	11C2	0000	2
		_I2C1_MasterOperation		CODE           	1452	0000	30
		_I2C1_SetCallback		CODE           	155B	0000	40
		_I2C1_MasterEnableRestart		CODE           	11D1	0000	3
		_I2C1_Open     		CODE           	0818	0000	61
		_I2C1_DO_ADDRESS_NACK		CODE           	1633	0000	47
		_I2C1_SetBuffer		CODE           	1342	0000	20
		_I2C1_DO_SEND_RESTART_WRITE		CODE           	11EC	0000	4
		_I2C1_MasterClose		CODE           	11CB	0000	3
		_I2C1_MasterWrite		CODE           	1208	0000	4
		_I2C1_Initialize		CODE           	1274	0000	10
		_I2C1_Close    		CODE           	13FB	0000	29
		_I2C1_MasterIsNack		CODE           	1220	0000	6
		_I2C1_MasterStart		CODE           	11CE	0000	3
		_I2C1_DO_SEND_ADR_WRITE		CODE           	1238	0000	7
		_I2C1_MasterClearIrq		CODE           	11C8	0000	3
		_I2C1_SetDataCompleteCallback		CODE           	1294	0000	12
		_I2C1_DO_SEND_STOP		CODE           	11F4	0000	4
		_I2C1_MasterSendAck		CODE           	11E4	0000	4
		_I2C1_MasterFsm		CODE           	1583	0000	42
		_I2C1_MasterGetRxData		CODE           	11DA	0000	3
		_I2C1_MasterSetIrq		CODE           	11DD	0000	3
		_I2C1_DO_SEND_ADR_READ		CODE           	123F	0000	8
		_I2C1_DO_RX_NACK_STOP		CODE           	11FC	0000	4

mcc_generated_files/i2c1_master.c estimated size: 630

mcc_generated_files/tmr2.c
		_TMR2_Initialize		CODE           	12AC	0000	13

mcc_generated_files/tmr2.c estimated size: 13

mcc_generated_files/interrupt_manager.c
		_INTERRUPT_InterruptManager		CODE           	0004	0000	12

mcc_generated_files/interrupt_manager.c estimated size: 12

mcc_generated_files/pwm2.c
		_PWM2_Initialize		CODE           	1289	0000	11

mcc_generated_files/pwm2.c estimated size: 11

/opt/microchip/xc8/v2.32/pic/sources/c99/common/Umul32.c
		___lmul        		CODE           	1662	0000	47

/opt/microchip/xc8/v2.32/pic/sources/c99/common/Umul32.c estimated size: 47

mcc_generated_files/pin_manager.c
		_PIN_MANAGER_Initialize		CODE           	1791	0000	55

mcc_generated_files/pin_manager.c estimated size: 55

/opt/microchip/xc8/v2.32/pic/sources/c99/common/atoi.c
		_atoi          		CODE           	0C2B	0000	159

/opt/microchip/xc8/v2.32/pic/sources/c99/common/atoi.c estimated size: 159

/opt/microchip/xc8/v2.32/pic/sources/c99/common/strlen.c
		_strlen        		CODE           	0800	0000	24

/opt/microchip/xc8/v2.32/pic/sources/c99/common/strlen.c estimated size: 24

/opt/microchip/xc8/v2.32/pic/sources/c99/common/lomod.c
		___lomod       		CODE           	0B48	0000	104

/opt/microchip/xc8/v2.32/pic/sources/c99/common/lomod.c estimated size: 104

/opt/microchip/xc8/v2.32/pic/sources/c99/common/nf_fputc.c
		_fputc         		CODE           	091D	0000	71

/opt/microchip/xc8/v2.32/pic/sources/c99/common/nf_fputc.c estimated size: 71

rotary_encoder.c
		_RotaryEncoder_button		CODE           	1691	0000	48
		_RotaryEncoder_read		CODE           	0855	0000	64

rotary_encoder.c estimated size: 112

/opt/microchip/xc8/v2.32/pic/sources/c99/common/putch.c
		_putch         		CODE           	11C1	0000	1

/opt/microchip/xc8/v2.32/pic/sources/c99/common/putch.c estimated size: 1

shared
		__initialization		CODE           	0012	0000	39
		_i2c1_fsmStateTable		STRCODE        	1800	0000	32

shared estimated size: 71

/opt/microchip/xc8/v2.32/pic/sources/c99/common/doprnt.c
		_vfpfcnvrt     		CODE           	05EB	0000	439
		_pad           		CODE           	09AE	0000	74
		_vfprintf      		CODE           	15D7	0000	45
		_utoa          		CODE           	0D8F	0000	218

/opt/microchip/xc8/v2.32/pic/sources/c99/common/doprnt.c estimated size: 776

mcc_generated_files/mcc.c
		_PMD_Initialize		CODE           	1247	0000	8
		_OSCILLATOR_Initialize		CODE           	1257	0000	9
		_SYSTEM_Initialize		CODE           	148E	0000	30

mcc_generated_files/mcc.c estimated size: 47

/opt/microchip/xc8/v2.32/pic/sources/c99/common/nf_sprintf.c
		_sprintf       		CODE           	15AD	0000	42

/opt/microchip/xc8/v2.32/pic/sources/c99/common/nf_sprintf.c estimated size: 42

mcc_generated_files/tmr1.c
		_TMR1_Initialize		CODE           	14CC	0000	32
		_TMR1_SetInterruptHandler		CODE           	124F	0000	8
		_TMR1_DefaultInterruptHandler		CODE           	11C0	0000	1
		_TMR1_WriteTimer		CODE           	12C7	0000	15
		_TMR1_ISR      		CODE           	132E	0000	20

mcc_generated_files/tmr1.c estimated size: 76

mcc_generated_files/pwm1.c
		_PWM1_Initialize		CODE           	127E	0000	11
		_PWM1_LoadDutyValue		CODE           	1470	0000	30

mcc_generated_files/pwm1.c estimated size: 41

lcd.c
		_LCD_clear     		CODE           	1356	0000	20
		_LCD_print     		CODE           	14EC	0000	35
		_LCD_printCustomChar		CODE           	07A2	0000	90
		_LCD_createCustomChar		CODE           	17C8	0000	56
		_LCD_printChar 		CODE           	0AEE	0000	90
		_LCD_write     		CODE           	14AC	0000	32
		_LCD_home      		CODE           	1418	0000	29
		_LCD_init      		CODE           	0CCA	0000	197
		_IO_Expander_write		CODE           	1534	0000	39
		_LCD_writeNibble		CODE           	0964	0000	74
		_LCD_setCursor 		CODE           	0895	0000	65

lcd.c estimated size: 727

/opt/microchip/xc8/v2.32/pic/sources/c99/common/isspace.c
		_isspace       		CODE           	1435	0000	29

/opt/microchip/xc8/v2.32/pic/sources/c99/common/isspace.c estimated size: 29

/opt/microchip/xc8/v2.32/pic/sources/c99/common/lodiv.c
		___lodiv       		CODE           	0BB0	0000	123

/opt/microchip/xc8/v2.32/pic/sources/c99/common/lodiv.c estimated size: 123

psu.c
		_PSU_updateLCD 		CODE           	003D	0000	784
		_PSU_measureVoltage		CODE           	1728	0000	52
		_PSU_measureCurrent		CODE           	175C	0000	53
		_PSU_init      		CODE           	0E69	0000	407
		_PSU_updateMeasurements		CODE           	126A	0000	10
		_PSU_update    		CODE           	034D	0000	670

psu.c estimated size: 1976

mcc_generated_files/adcc.c
		_ADCC_GetSingleConversion		CODE           	136A	0000	20
		_ADCC_Initialize		CODE           	13C7	0000	25
		_ADCC_DischargeSampleCapacitor		CODE           	120C	0000	4

mcc_generated_files/adcc.c estimated size: 49

/opt/microchip/xc8/v2.32/pic/sources/c99/common/strncmp.c
		_strncmp       		CODE           	0A4A	0000	82

/opt/microchip/xc8/v2.32/pic/sources/c99/common/strncmp.c estimated size: 82

main.c
		_main          		CODE           	16C1	0000	51
		_regularUpdate 		CODE           	137E	0000	24

main.c estimated size: 75

/opt/microchip/xc8/v2.32/pic/sources/c99/common/__lldiv.c
		___lldiv       		CODE           	0A9C	0000	82

/opt/microchip/xc8/v2.32/pic/sources/c99/common/__lldiv.c estimated size: 82

/opt/microchip/xc8/v2.32/pic/sources/c99/common/lwdiv.c
		___lwdiv       		CODE           	16F4	0000	52

/opt/microchip/xc8/v2.32/pic/sources/c99/common/lwdiv.c estimated size: 52

